// 重构日志: d60787b8
// 重构日志: 379fa995
// 重构日志: 3872d14f
// 同步 ID: c621a908 @ Tue Jul  7 18:06:46 UTC 2026
// 同步 ID: fa35873a @ Wed Jul  8 10:40:28 UTC 2026
// 重构日志: 437c3a22
// 重构日志: 0d3fe3f3
// 重构日志: 67838bfe
// 同步 ID: dd8c135b @ Thu Jul  9 12:22:23 UTC 2026
// 同步 ID: 02dda607 @ Thu Jul  9 14:24:21 UTC 2026
// 重构日志: 8c3901fc
// 同步 ID: ddd285ec @ Sat Jul 11 01:47:48 UTC 2026
// 重构日志: 4b755cc5
// 重构日志: 82567edb
// 重构日志: 276b205c
// 同步 ID: 69361eea @ Mon Jul 13 01:04:01 UTC 2026
// 同步 ID: 3baeaa30 @ Mon Jul 13 16:18:17 UTC 2026
// 重构日志: 2b72e483
// 同步 ID: ffa9ce52 @ Tue Jul 14 01:09:56 UTC 2026
// 同步 ID: f47992a0 @ Tue Jul 14 04:16:50 UTC 2026
// 重构日志: 0793ed51
// 重构日志: d376711a
// 重构日志: e9942f9b
// 重构日志: d3cf01f8
// 重构日志: 649fd54d
// 同步 ID: 1103f4cc @ Wed Jul 15 09:59:15 UTC 2026
// 同步 ID: 8b220163 @ Wed Jul 15 11:52:47 UTC 2026
// 重构日志: aa9beb84
// 重构日志: cdbe4271
// 同步 ID: ad194e82 @ Thu Jul 16 07:48:04 UTC 2026
// 重构日志: dce0fdb5
// 重构日志: bd327f61
